
============================================================
  bag        : shubo_edison_two_static_walking_medium_2ms
  output     : /home/ws/src/uwb_rosbags/shubo_edison_two_static_walking_medium_2ms/analysis
  annotation : none
  breathing  : on
  dual merge : on
  fov video  : off
============================================================

Loading session...
  23099 frames  |  2 paths  |  120 taps  |  589.7 Hz
Saving range-time and range-Doppler plots...
Running CFAR...
  dual-channel merge: 41461 total peaks
Tracking...
  1375 raw → 337 consolidated track(s)  (260 with <50 frames filtered from display)
    track 0: mean range 1.56 m  (5547 frames)
    track 1: mean range 1.46 m  (3841 frames)
    track 38: mean range 5.08 m  (148 frames)
    track 79: mean range 5.25 m  (118 frames)
    track 94: mean range 3.16 m  (411 frames)
    track 101: mean range 5.79 m  (65 frames)
    track 120: mean range 6.89 m  (162 frames)
    track 126: mean range 6.92 m  (230 frames)
    track 167: mean range 2.27 m  (1242 frames)
    track 174: mean range 3.33 m  (51 frames)
    track 226: mean range 1.23 m  (148 frames)
    track 243: mean range 4.29 m  (143 frames)
    track 290: mean range 3.37 m  (72 frames)
    track 293: mean range 6.16 m  (163 frames)
    track 295: mean range 5.83 m  (63 frames)
    track 301: mean range 2.62 m  (177 frames)
    track 304: mean range 2.45 m  (275 frames)
    track 327: mean range 4.21 m  (129 frames)
    track 328: mean range 2.62 m  (2945 frames)
    track 350: mean range 5.47 m  (192 frames)
    track 354: mean range 6.57 m  (217 frames)
    track 357: mean range 1.81 m  (623 frames)
    track 375: mean range 6.81 m  (51 frames)
    track 391: mean range 3.45 m  (169 frames)
    track 428: mean range 5.61 m  (94 frames)
    track 433: mean range 2.86 m  (121 frames)
    track 448: mean range 3.22 m  (73 frames)
    track 458: mean range 4.75 m  (147 frames)
    track 462: mean range 3.86 m  (83 frames)
    track 463: mean range 2.60 m  (147 frames)
    track 482: mean range 4.26 m  (123 frames)
    track 494: mean range 4.24 m  (61 frames)
    track 524: mean range 2.67 m  (681 frames)
    track 571: mean range 1.51 m  (544 frames)
    track 576: mean range 6.06 m  (63 frames)
    track 581: mean range 2.34 m  (1354 frames)
    track 629: mean range 3.17 m  (438 frames)
    track 631: mean range 2.24 m  (968 frames)
    track 642: mean range 6.41 m  (105 frames)
    track 650: mean range 3.76 m  (295 frames)
    track 660: mean range 3.91 m  (108 frames)
    track 689: mean range 3.54 m  (81 frames)
    track 690: mean range 6.37 m  (54 frames)
    track 698: mean range 6.79 m  (108 frames)
    track 741: mean range 7.18 m  (178 frames)
    track 753: mean range 7.29 m  (63 frames)
    track 795: mean range 2.81 m  (377 frames)
    track 796: mean range 3.61 m  (73 frames)
    track 811: mean range 1.22 m  (100 frames)
    track 844: mean range 4.07 m  (126 frames)
    track 851: mean range 3.59 m  (292 frames)
    track 854: mean range 4.48 m  (53 frames)
    track 858: mean range 5.40 m  (55 frames)
    track 864: mean range 4.78 m  (213 frames)
    track 871: mean range 4.20 m  (209 frames)
    track 886: mean range 4.77 m  (115 frames)
    track 910: mean range 2.92 m  (244 frames)
    track 913: mean range 2.46 m  (382 frames)
    track 919: mean range 2.06 m  (1462 frames)
    track 923: mean range 1.96 m  (303 frames)
    track 936: mean range 2.43 m  (1634 frames)
    track 1011: mean range 2.00 m  (566 frames)
    track 1044: mean range 2.25 m  (681 frames)
    track 1062: mean range 2.69 m  (345 frames)
    track 1072: mean range 5.80 m  (89 frames)
    track 1080: mean range 5.90 m  (95 frames)
    track 1088: mean range 2.32 m  (133 frames)
    track 1108: mean range 3.59 m  (131 frames)
    track 1119: mean range 2.62 m  (537 frames)
    track 1131: mean range 2.91 m  (427 frames)
    track 1133: mean range 2.94 m  (1310 frames)
    track 1163: mean range 6.51 m  (76 frames)
    track 1170: mean range 7.36 m  (83 frames)
    track 1203: mean range 1.22 m  (89 frames)
    track 1224: mean range 3.79 m  (132 frames)
    track 1265: mean range 2.78 m  (1044 frames)
    track 1316: mean range 2.84 m  (294 frames)
Computing AoA...
