../Drivers/Src/stm32h7xx_it.c:106:6:NMI_Handler	4	static
../Drivers/Src/stm32h7xx_it.c:118:13:HardFault_Handler_C	16	static,ignoring_inline_asm
../Drivers/Src/stm32h7xx_it.c:154:29:HardFault_Handler	0	static,ignoring_inline_asm
../Drivers/Src/stm32h7xx_it.c:170:6:MemManage_Handler	4	static
../Drivers/Src/stm32h7xx_it.c:185:6:BusFault_Handler	4	static
../Drivers/Src/stm32h7xx_it.c:200:6:UsageFault_Handler	4	static
../Drivers/Src/stm32h7xx_it.c:215:6:SVC_Handler	4	static
../Drivers/Src/stm32h7xx_it.c:228:6:DebugMon_Handler	4	static
../Drivers/Src/stm32h7xx_it.c:241:6:PendSV_Handler	4	static
../Drivers/Src/stm32h7xx_it.c:254:6:SysTick_Handler	4	static
../Drivers/Src/stm32h7xx_it.c:275:6:TIM6_DAC_IRQHandler	8	static
../Drivers/Src/stm32h7xx_it.c:289:6:ETH_IRQHandler	8	static
