../Drivers/Src/uwb_udp_protocol.c:48:17:get_le16	16	static
../Drivers/Src/uwb_udp_protocol.c:53:17:get_le32	16	static
../Drivers/Src/uwb_udp_protocol.c:61:13:put_le16	16	static
../Drivers/Src/uwb_udp_protocol.c:67:13:put_le32	16	static
../Drivers/Src/uwb_udp_protocol.c:75:17:uwb_build_envelope	24	static
../Drivers/Src/uwb_udp_protocol.c:90:13:uwb_send_ack	48	static
../Drivers/Src/uwb_udp_protocol.c:106:13:uwb_send_error	64	static
../Drivers/Src/uwb_udp_protocol.c:125:17:uwb_required_mask	4	static
../Drivers/Src/uwb_udp_protocol.c:142:21:uwb_ensure_session_initialized	16	static
../Drivers/Src/uwb_udp_protocol.c:155:21:uwb_apply_config	24	static
../Drivers/Src/uwb_udp_protocol.c:192:12:uwb_tag_to_mask_bit	16	static
../Drivers/Src/uwb_udp_protocol.c:212:21:uwb_parse_tlvs_into_cfg	40	static
../Drivers/Src/uwb_udp_protocol.c:335:6:uwb_udp_protocol_init	8	static
../Drivers/Src/uwb_udp_protocol.c:344:6:uwb_udp_protocol_handle_packet	112	static
../Drivers/Src/uwb_udp_protocol.c:542:6:uwb_udp_protocol_tick	160	static
../Drivers/Src/uwb_udp_protocol.c:602:6:uwb_udp_protocol_queue_radar_frame	16	static
../Drivers/Src/uwb_udp_protocol.c:643:6:uwb_udp_protocol_drain_tx_queue	16	static
../Drivers/Src/uwb_udp_protocol.c:656:6:uwb_udp_protocol_send_radar_frame	88	static
