../Drivers/Src/uci/uci_commands.c:18:20:put_le16	16	static
../Drivers/Src/uci/uci_commands.c:24:20:put_le32	16	static
../Drivers/Src/uci/uci_commands.c:32:24:get_le16	16	static
../Drivers/Src/uci/uci_commands.c:37:24:get_le32	16	static
../Drivers/Src/uci/uci_commands.c:49:6:uci_tlv_build_u8	16	static
../Drivers/Src/uci/uci_commands.c:56:6:uci_tlv_build_u16	16	static
../Drivers/Src/uci/uci_commands.c:63:6:uci_tlv_build_u32	24	static
../Drivers/Src/uci/uci_commands.c:70:6:uci_tlv_build_array	24	static
../Drivers/Src/uci/uci_commands.c:87:10:uci_tlv_serialize	32	static
../Drivers/Src/uci/uci_commands.c:114:9:uci_tlv_deserialize	32	static
../Drivers/Src/uci/uci_commands.c:153:14:uci_cmd_device_reset	40	static
../Drivers/Src/uci/uci_commands.c:165:14:uci_cmd_get_device_info	296	static
../Drivers/Src/uci/uci_commands.c:202:14:uci_cmd_get_caps_info	552	static
../Drivers/Src/uci/uci_commands.c:225:14:uci_cmd_set_config	360	static
../Drivers/Src/uci/uci_commands.c:244:14:uci_cmd_get_config	824	static
../Drivers/Src/uci/uci_commands.c:278:14:uci_cmd_session_init	72	static
../Drivers/Src/uci/uci_commands.c:307:14:uci_cmd_session_deinit	48	static
../Drivers/Src/uci/uci_commands.c:321:14:uci_cmd_session_set_app_config	2160	static
../Drivers/Src/uci/uci_commands.c:343:14:uci_cmd_session_get_app_config	824	static
../Drivers/Src/uci/uci_commands.c:377:14:uci_cmd_session_get_count	48	static
../Drivers/Src/uci/uci_commands.c:397:14:uci_cmd_session_get_state	56	static
../Drivers/Src/uci/uci_commands.c:420:14:uci_cmd_session_update_multicast_list	328	static
../Drivers/Src/uci/uci_commands.c:453:14:uci_cmd_session_start	48	static
../Drivers/Src/uci/uci_commands.c:466:14:uci_cmd_session_stop	48	static
../Drivers/Src/uci/uci_commands.c:479:14:uci_cmd_session_get_ranging_count	64	static
../Drivers/Src/uci/uci_commands.c:506:14:uci_cmd_set_ranging_params	4424	static
../Drivers/Src/uci/uci_commands.c:551:14:uci_parse_session_info_ntf	32	static
