../Core/Src/uci/uci_core.c:58:6:uci_build_header	16	static
../Core/Src/uci/uci_core.c:77:6:uci_parse_header	16	static
../Core/Src/uci/uci_core.c:96:13:uci_dispatch_packet	32	static
../Core/Src/uci/uci_core.c:167:13:uci_process_raw_packet	40	static
../Core/Src/uci/uci_core.c:235:6:uci_core_init	8	static
../Core/Src/uci/uci_core.c:241:6:uci_core_register_ntf_callback	16	static
../Core/Src/uci/uci_core.c:246:6:uci_core_process	16	static
../Core/Src/uci/uci_core.c:265:14:uci_core_send_command	64	static
../Core/Src/uci/uci_core.c:381:9:uci_core_get_device_state	4	static
