../Core/Src/uci/uci_radar.c:34:20:put_le16	16	static
../Core/Src/uci/uci_radar.c:40:20:put_le32	16	static
../Core/Src/uci/uci_radar.c:48:24:get_le16	16	static
../Core/Src/uci/uci_radar.c:53:24:get_le32	16	static
../Core/Src/uci/uci_radar.c:65:14:uci_radar_session_init	16	static
../Core/Src/uci/uci_radar.c:70:14:uci_radar_start	16	static
../Core/Src/uci/uci_radar.c:75:14:uci_radar_stop	16	static
../Core/Src/uci/uci_radar.c:80:14:uci_radar_deinit	16	static
../Core/Src/uci/uci_radar.c:89:14:uci_radar_configure	4192	static
../Core/Src/uci/uci_radar.c:239:14:uci_radar_configure_presence_aoa	64	static
../Core/Src/uci/uci_radar.c:302:23:uci_radar_get_ntf_type	16	static
../Core/Src/uci/uci_radar.c:331:14:uci_radar_parse_cir_ntf	48	static
../Core/Src/uci/uci_radar.c:419:14:uci_radar_parse_presence_ntf	40	static
../Core/Src/uci/uci_radar.c:470:14:uci_radar_parse_ant_isolation_ntf	24	static
../Core/Src/uci/uci_radar.c:493:6:uci_radar_get_cir_tap	32	static
../Core/Src/uci/uci_radar.c:514:14:uci_radar_set_rx_gain	280	static
../Core/Src/uci/uci_radar.c:530:14:uci_radar_set_rfri	288	static
../Core/Src/uci/uci_radar.c:544:14:uci_radar_set_cir_start_offset	288	static
../Core/Src/uci/uci_radar.c:558:14:uci_radar_update_presence_cfg	288	static
../Core/Src/uci/uci_radar.c:586:13:ant_iso_ntf_handler	16	static
../Core/Src/uci/uci_radar.c:597:14:uci_radar_run_ant_isolation_test	80	static
